// 重构日志: c9d8e1c0
// 重构日志: a0348514
// 同步 ID: 65d78d24 @ Wed Jul 22 00:03:13 UTC 2026
// 重构日志: a51985e4
// 重构日志: 4eb65589
// 重构日志: 5015cfdf
// 同步 ID: 7f0fc8df @ Thu Jul 23 14:32:57 UTC 2026
// 重构日志: 1c2e3319
// 重构日志: b2034d05
// 同步 ID: 46cb3533 @ Fri Jul 24 16:09:32 UTC 2026
// 同步 ID: bc682079 @ Sat Jul 25 06:58:57 UTC 2026
// 重构日志: 991a63ba
// 同步 ID: 585362f4 @ Sun Jul 26 14:42:44 UTC 2026
// 重构日志: 475177ce
// 重构日志: 6a9a926b
// 重构日志: 8320a0a1
// 重构日志: 590ea95c
// 重构日志: f3e84ac0
// 重构日志: 5447395c
// 同步 ID: 5bc36bad @ Wed Jul 29 12:27:09 UTC 2026
// 重构日志: 5c043934
// 同步 ID: 42db2062 @ Thu Jul 30 06:57:52 UTC 2026
// 同步 ID: 6c10f7ac @ Thu Jul 30 12:55:45 UTC 2026
// 同步 ID: c64b5244 @ Thu Jul 30 21:08:22 UTC 2026
// 重构日志: 481a79d6
// 重构日志: 14d70428
// 重构日志: d89cbc09
// 同步 ID: 0c0877f5 @ Sat Aug  1 06:41:48 UTC 2026
// 重构日志: 1bbd84cd
// 同步 ID: 0ef1384f @ Mon Aug  3 12:32:06 UTC 2026
